error: duplicate parameter
 --> tests/ui/opts/duplicate_param_different_attrs.rs:5:18
  |
5 | #[funcmap(params(T))]
  |                  ^
