error: mapping over reference type is not supported
 --> tests/ui/structure/reference_type.rs:4:20
  |
4 | struct Test<'a, T>(&'a T);
  |                    ^^^^^
