error: expected string literal
 --> tests/ui/opts/crate_arg_with_non_literal_path.rs:4:19
  |
4 | #[funcmap(crate = fake_funcmap)]
  |                   ^^^^^^^^^^^^
