error: expected attribute arguments in parentheses: #[funcmap(...)]
 --> tests/ui/opts/no_parens.rs:4:1
  |
4 | #[funcmap]
  | ^^^^^^^^^^
