error: cannot implement FuncMap over const generic
 --> tests/ui/opts/param_const.rs:4:18
  |
4 | #[funcmap(params(N))]
  |                  ^
