error: unexpected end of input, expected parentheses
 --> tests/ui/opts/plain_params_arg.rs:4:10
  |
4 | #[funcmap(params)]
  |          ^^^^^^^^
