error: cannot implement FuncMap over lifetime parameter
 --> tests/ui/input/param_lifetime.rs:4:18
  |
4 | #[funcmap(params('a))]
  |                  ^^
