error: expected `=`
 --> tests/ui/opts/plain_crate_arg.rs:4:16
  |
4 | #[funcmap(crate)]
  |                ^
